[www.vitutor.it/favicon.ico]
[www.vitutor.it/css/style-html.css]
[www.vitutor.it/css/hojaEjercicios.css]
[www.vitutor.it/css/queries.css]
[backblue.gif]
[fade.gif]
[index.html]
[www.vitutor.it/css/print.css]
[www.vitutor.it/js/jquery.js]
[www.vitutor.it/js/a.js]
[www.vitutor.it/js/ajax-resumen.js]
[www.google-analytics.com/urchin.js]
[connect.facebook.net/es_LA/all.js]
[www.vitutor.it/images/logo.png]
[www.google.es/coop/cse/brand3b57]
[pagead2.googlesyndication.com/pagead/js/adsbygoogle.js]
[www.vitutor.it/images/logo-peq.png]
[www.vitutor.biz/index.html]
[pagead2.googlesyndication.com/pagead/show_ads.js]
[www.vitutor.it/images/flecha-subir.png]
[www.vitutor.it/images/home.png]
[www.vitutor.it/images/indice.png]
[www.vitutor.it/images/print.png]
[twitter.com/share.3c.delayed]
[twitter.com/intent/tweet.html]
[platform.twitter.com/widgets.js]
[apis.google.com/js/plusone.js]
[www.vitutor.it/images/vitutor.png]
[www.vitutor.com/index.html]
[www.vitutor.com/index-2.html]
[www.vitutor.biz/img/favicon44b4.ico]
[www.vitutor.biz/themes/default/css/global.css]
[www.vitutor.biz/modules/blockbestsellers/blockbestsellers.css]
[www.vitutor.biz/modules/blockpermanentlinks/blockpermanentlinks.css]
[www.vitutor.biz/modules/blockviewed/blockviewed.css]
[www.vitutor.biz/modules/blockcontact/blockcontact.css]
[www.vitutor.biz/modules/blockcart/blockcart.css]
[www.vitutor.biz/modules/blockspecials/blockspecials.css]
[www.vitutor.biz/modules/blockcurrencies/blockcurrencies.css]
[www.vitutor.biz/modules/blocknewproducts/blocknewproducts.css]
[www.vitutor.biz/modules/blockmyaccountfooter/blockmyaccount.css]
[www.vitutor.biz/modules/blockuserinfo/blockuserinfo.css]
[www.vitutor.biz/modules/blocklanguages/blocklanguages.css]
[www.vitutor.biz/js/jquery/plugins/autocomplete/jquery.autocomplete.css]
[www.vitutor.biz/themes/default/css/product_list.css]
[www.vitutor.biz/modules/blocksearch/blocksearch.css]
[www.vitutor.biz/modules/favoriteproducts/favoriteproducts.css]
[www.vitutor.biz/modules/homefeatured/homefeatured.css]
[www.vitutor.biz/modules/blocknewsletter/blocknewsletter.css]
[www.vitutor.biz/modules/mailalerts/mailalerts.css]
[www.vitutor.biz/modules/paypal/css/paypal.css]
[www.vitutor.biz/modules/crossselling/crossselling.css]
[www.vitutor.biz/modules/blocktopmenu/css/superfish-modified.css]
[www.vitutor.biz/modules/homeslider/bx_styles.css]
[www.vitutor.biz/modules/blockreinsurance/style.css]
[www.vitutor.biz/js/jquery/plugins/jquery.easing.js]
[www.vitutor.biz/js/jquery/jquery-1.7.2.min.js]
[www.vitutor.biz/js/tools.js]
[www.vitutor.biz/themes/default/js/tools/treeManagement.js]
[www.vitutor.biz/modules/favoriteproducts/favoriteproducts.js]
[www.vitutor.biz/js/jquery/plugins/autocomplete/jquery.autocomplete.js]
[www.vitutor.biz/modules/crossselling/js/crossselling.js]
[www.vitutor.biz/modules/blocktopmenu/js/hoverIntent.js]
[www.vitutor.biz/modules/blocktopmenu/js/superfish-modified.js]
[www.vitutor.biz/modules/homeslider/js/jquery.bxSlider.min.js]
[www.vitutor.biz/modules/homeslider/js/homeslider.js]
[www.vitutor.biz/modules/feeder/rss8207.php]
[www.vitutor.biz/img/logo-144b4.jpg]
[www.vitutor.biz/contactenos.html]
[www.vitutor.biz/mapa-del-sitio.html]
[www.vitutor.biz/buscar.html]
[www.vitutor.biz/pedido-rapido.html]
[www.vitutor.biz/autenticacionfd9a.html]
[www.vitutor.biz/8-primaria.html]
[www.vitutor.biz/6-secundaria.html]
[www.vitutor.biz/7-bachillerato.html]
[www.vitutor.biz/10-selectividad.html]
[www.vitutor.biz/11-minicursos.html]
[www.vitutor.biz/banners/10descuento-v3.jpg]
[www.vitutor.biz/content/category/1-home.html]
[www.vitutor.biz/content/2-aviso-legal.html]
[www.vitutor.biz/content/1-descarga-e-instalación.html]
[www.vitutor.biz/content/4-sobre-nosotros.html]
[www.vitutor.biz/content/3-condiciones-generales-de-venta.html]
[www.vitutor.biz/modules/blockadvertising/advertising-s1.jpg]
[www.vitutor.biz/content/5-pago-seguro.html]
[www.vitutor.biz/themes/default/img/logo_paiement_visa.jpg]
[www.vitutor.biz/themes/default/img/logo_paiement_mastercard.jpg]
[www.vitutor.biz/themes/default/img/logo_paiement_paypal.jpg]
[www.vitutor.biz/modules/homeslider/images/fb624d8a1694c9aab29a6cb12c667f80.png]
[www.vitutor.biz/home/19-matematicas-1-eso.html]
[www.vitutor.biz/64-home_default/matematicas-1-eso.jpg]
[www.vitutor.biz/home/20-matematicas-2-eso.html]
[www.vitutor.biz/70-home_default/matematicas-2-eso.jpg]
[www.vitutor.biz/home/21-matematicas-3-eso.html]
[www.vitutor.biz/71-home_default/matematicas-3-eso.jpg]
[www.vitutor.biz/home/8-aritmetica-vitutor.html]
[www.vitutor.biz/36-home_default/aritmetica-vitutor.jpg]
[www.vitutor.biz/home/9-geometria-vitutor.html]
[www.vitutor.biz/35-home_default/geometria-vitutor.jpg]
[www.vitutor.biz/home/10-algebra-vitutor.html]
[www.vitutor.biz/37-home_default/algebra-vitutor.jpg]
[www.vitutor.biz/home/18-ingles-vitutor.html]
[www.vitutor.biz/95-home_default/ingles-vitutor.jpg]
[www.vitutor.biz/home/24-inferencia-vitutor.html]
[www.vitutor.biz/106-home_default/inferencia-vitutor.jpg]
[www.vitutor.biz/home/25-programación-lineal-vitutor.html]
[www.vitutor.biz/107-home_default/programación-lineal-vitutor.jpg]
[www.vitutor.biz/home/23-mate-ccss-selectividad-2012.html]
[www.vitutor.biz/94-home_default/mate-ccss-selectividad-2012.jpg]
[www.vitutor.biz/home/22-matematicas-selectividad-2012.html]
[www.vitutor.biz/93-home_default/matematicas-selectividad-2012.jpg]
[www.vitutor.biz/mas-vendidos.html]
[www.vitutor.biz/64-small_default/matematicas-1-eso.jpg]
[www.vitutor.biz/71-small_default/matematicas-3-eso.jpg]
[www.vitutor.biz/70-small_default/matematicas-2-eso.jpg]
[www.vitutor.biz/37-small_default/algebra-vitutor.jpg]
[www.vitutor.biz/35-small_default/geometria-vitutor.jpg]
[www.vitutor.biz/modules/paypal/about.html]
[www.vitutor.biz/modules/paypal/img/logos/ES_vertical_solution_PP.gif]
[www.vitutor.biz/autenticacion856b.html]
[www.vitutor.biz/autenticacion2f9b.html]
[www.vitutor.biz/autenticacion9f3d.html]
[www.vitutor.biz/autenticacion2432.html]
[www.vitutor.biz/autenticaciondd41.html]
[www.vitutor.biz/autenticacione9fb.html]
[www.vitutor.biz/autenticacion6e26.html]
[www.vitutor.biz/modules/mailalerts/img/icon-alert.png]
[www.vitutor.biz/promocion.html]
[www.vitutor.biz/index.html]
[www.vitutor.biz/nuevos-productos.html]
[www.vitutor.it/images/eng.png]
[www.vitutor.biz/indexbd27.html]
[www.vitutor.com/1_eso.html]
[www.vitutor.com/2_eso.html]
[www.vitutor.com/3_eso.html]
[www.vitutor.com/eso_4a.html]
[www.vitutor.com/4_eso_b.html]
[www.vitutor.com/aritmetica.html]
[www.vitutor.com/algebra.html]
[www.vitutor.it/js/scriptTabs.js]
[www.vitutor.com/algebralineal.html]
[www.vitutor.com/geometria.html]
[www.vitutor.com/geoanalitica.html]
[www.vitutor.com/trigonometria.html]
[www.vitutor.com/calculo.html]
[www.vitutor.com/estadistica.html]
[www.vitutor.com/bac_1.html]
[www.vitutor.com/bac_1cs.html]
[www.vitutor.com/bac_2.html]
[www.vitutor.com/bac_2cs.html]
[www.vitutor.us/favicon.ico]
[www.vitutor.us/images/logo_v.png]
[www.vitutor.us/images/es_125.png]
[www.vitutor.us/images/flechas/f_v_a.gif]
[www.vitutor.us/images/pie_c_2.gif]
[www.vitutor.com/arithmetic.html]
[www.vitutor.us/images/pie_correo_4.gif]
[www.vitutor.com/algeb.html]
[www.vitutor.com/geometry.html]
[www.vitutor.com/analytic_geometry.html]
